('ip', '-br', 'addr')
lo               UNKNOWN        127.0.0.1/8 ::1/128 
wlan0            DOWN           
wwan0@if8        UP             10.200.1.2/24 fe80::509b:f4ff:feb7:3d19/64 

('ip', 'route')
default via 10.200.1.1 dev wwan0 metric 700 
10.200.1.0/24 dev wwan0 proto kernel scope link src 10.200.1.2 

('iw', 'dev')
phy#3
	Unnamed/non-netdev interface
		wdev 0x300000002
		addr 42:00:00:00:03:00
		type P2P-device
		txpower 20.00 dBm
	Interface wlan0
		ifindex 6
		wdev 0x300000001
		addr 02:00:00:00:03:00
		type managed
		txpower 20.00 dBm
		multicast TXQ:
			qsz-byt	qsz-pkt	flows	drops	marks	overlmt	hashcol	tx-bytes	tx-packets
			0	0	0	0	0	0	0	0		0

('nmcli', 'device')
DEVICE  TYPE      STATE      CONNECTION 
wwan0   ethernet  unmanaged  --         
lo      loopback  unmanaged  --         
wlan0   wifi      unmanaged  --         

('wpa_cli', '-p', '/run/wpa_supplicant', '-i', 'wlan0', 'status')
wpa_state=SCANNING
p2p_device_address=42:00:00:00:03:00
address=02:00:00:00:03:00
uuid=d9ec65b2-32e4-538d-b26c-3f2b86f7a8d5

