Sat Sep 26 04:50:38 PM UTC 2026
BEFORE_PIDS
38624
56144
UI_STOPPED
   3721 wpa_supplicant
  38624 wpa_supplicant
  56144 dnsmasq
     40 ok
DURING_PIDS
38624
56144
bssid=00:0a:f5:4f:ed:d6
freq=2437
ssid=weedle-bbc2
id=3
mode=AP
wifi_generation=5
pairwise_cipher=CCMP
group_cipher=CCMP
key_mgmt=WPA2-PSK
wpa_state=COMPLETED
ip_address=192.168.43.1
p2p_device_address=00:0a:f5:4f:ed:d6
address=00:0a:f5:4f:ed:d6
uuid=581d438e-9a1a-56b5-8651-f3173d5f968c
UI_RESTART_LAUNCHED
Sat Sep 26 04:51:03 PM UTC 2026
