collected 1 test in 0.08s • 1 worker
F openpilot.system.ui.lib.tests.test_wifi_manager.TestTethering.test_tethering_password_change_waits_for_slow_ap_removal 10.29s

 FAILED openpilot.system.ui.lib.tests.test_wifi_manager.TestTethering.test_tethering_password_change_waits_for_slow_ap_removal 
Traceback (most recent call last):
  File "/workspace/openpilot/openpilot/common/test.py", line 59, in _callTestMethod
    return method(**{name: self._fixture(name) for name in params})
           ^^^^^^^^^^^^^^^^^^^^^^^^^^^^^^^^^^^^^^^^^^^^^^^^^^^^^^^^
  File "/workspace/openpilot/openpilot/system/ui/lib/tests/test_wifi_manager.py", line 1347, in test_tethering_password_change_waits_for_slow_ap_removal
    wait_for(lambda: any(n.get("psk") == wpa_psk("weedle", "newpass123") for n in list(manager_env.fake.networks.values())), timeout=10)
  File "/workspace/openpilot/openpilot/system/ui/lib/tests/test_wifi_manager.py", line 103, in wait_for
    raise AssertionError("condition not met in time")
AssertionError: condition not met in time

--- captured stderr ---
Exception ignored in: <_io.FileIO name='/tmp/tmp_flf217_/persistent/Hotspot.nmconnection' mode='rb' closefd=True>
Traceback (most recent call last):
  File "/workspace/openpilot/openpilot/system/ui/lib/tests/test_wifi_manager.py", line 254, in <lambda>
    mocker.patch.object(wifi_manager, "sudo_read", lambda path: open(path).read())
                                                                ^^^^^^^^^^^^^^^^^
ResourceWarning: unclosed file <_io.TextIOWrapper name='/tmp/tmp_flf217_/persistent/Hotspot.nmconnection' mode='r' encoding='UTF-8'>
Exception ignored in: <_io.FileIO name='/tmp/tmp_flf217_/persistent/Hotspot.nmconnection' mode='rb' closefd=True>
Traceback (most recent call last):
  File "/workspace/openpilot/openpilot/system/ui/lib/tests/test_wifi_manager.py", line 254, in <lambda>
    mocker.patch.object(wifi_manager, "sudo_read", lambda path: open(path).read())
                                                                ^^^^^^^^^^^^^^^^^
ResourceWarning: unclosed file <_io.TextIOWrapper name='/tmp/tmp_flf217_/persistent/Hotspot.nmconnection' mode='r' encoding='UTF-8'>
Exception ignored in: <_io.FileIO name='/tmp/tmp_flf217_/persistent/weedle.nmconnection' mode='rb' closefd=True>
Traceback (most recent call last):
  File "/workspace/openpilot/openpilot/system/ui/lib/tests/test_wifi_manager.py", line 254, in <lambda>
    mocker.patch.object(wifi_manager, "sudo_read", lambda path: open(path).read())
                                                                ^^^^^^^^^^^^^^^^^
ResourceWarning: unclosed file <_io.TextIOWrapper name='/tmp/tmp_flf217_/persistent/weedle.nmconnection' mode='r' encoding='UTF-8'>
Exception ignored in: <_io.FileIO name='/tmp/tmp_flf217_/persistent/weedle.nmconnection' mode='rb' closefd=True>
Traceback (most recent call last):
  File "/workspace/openpilot/openpilot/system/ui/lib/tests/test_wifi_manager.py", line 254, in <lambda>
    mocker.patch.object(wifi_manager, "sudo_read", lambda path: open(path).read())
                                                                ^^^^^^^^^^^^^^^^^
ResourceWarning: unclosed file <_io.TextIOWrapper name='/tmp/tmp_flf217_/persistent/weedle.nmconnection' mode='r' encoding='UTF-8'>
Failed to stop tethering
Traceback (most recent call last):
  File "/workspace/openpilot/openpilot/system/ui/lib/wifi_manager.py", line 1015, in _stop_tethering
    if not self._ctrl.ok(f"REMOVE_NETWORK {network_id}"):
           ^^^^^^^^^^^^^^^^^^^^^^^^^^^^^^^^^^^^^^^^^^^^^
  File "/workspace/openpilot/openpilot/system/ui/lib/wifi_manager.py", line 121, in ok
    return self.request(cmd) == "OK"
           ^^^^^^^^^^^^^^^^^
  File "/workspace/openpilot/openpilot/system/ui/lib/wifi_manager.py", line 112, in request
    reply = self._sock.recv(65536).decode("utf-8", "replace")
            ^^^^^^^^^^^^^^^^^^^^^^
TimeoutError: timed out
Failed to set tethering password
Traceback (most recent call last):
  File "/workspace/openpilot/openpilot/system/ui/lib/wifi_manager.py", line 869, in worker
    self._stop_tethering()
  File "/workspace/openpilot/openpilot/system/ui/lib/wifi_manager.py", line 1015, in _stop_tethering
    if not self._ctrl.ok(f"REMOVE_NETWORK {network_id}"):
           ^^^^^^^^^^^^^^^^^^^^^^^^^^^^^^^^^^^^^^^^^^^^^
  File "/workspace/openpilot/openpilot/system/ui/lib/wifi_manager.py", line 121, in ok
    return self.request(cmd) == "OK"
           ^^^^^^^^^^^^^^^^^
  File "/workspace/openpilot/openpilot/system/ui/lib/wifi_manager.py", line 112, in request
    reply = self._sock.recv(65536).decode("utf-8", "replace")
            ^^^^^^^^^^^^^^^^^^^^^^
TimeoutError: timed out

slowest tests
   10.29s  openpilot.system.ui.lib.tests.test_wifi_manager.TestTethering.test_tethering_password_change_waits_for_slow_ap_removal

1 failed in 10.37s
