Sat Sep 26 04:44:56 PM UTC 2026
comma-cb80a5fa
5afbedc8-d038-49d4-a756-20d33f6c1339
6b21c429302be2361be2c3fe6037b4b6611b1ec6
bssid=00:0a:f5:4f:ed:d6
freq=2437
ssid=weedle-bbc2
id=3
mode=AP
wifi_generation=5
pairwise_cipher=CCMP
group_cipher=CCMP
key_mgmt=WPA2-PSK
wpa_state=COMPLETED
ip_address=192.168.43.1
p2p_device_address=00:0a:f5:4f:ed:d6
address=00:0a:f5:4f:ed:d6
uuid=581d438e-9a1a-56b5-8651-f3173d5f968c
    PID     ELAPSED COMMAND
  56144       01:48 dnsmasq --interface=wlan0 --bind-interfaces --except-interface=lo --dhcp-range=192.168.43.2,192.168.43.254,24h --pid-file=/run/dnsmasq.wlan0.pid --dhcp-leasefile=/run/dnsmasq.wlan0.leases
1790527440 f2:d2:3c:24:f9:43 192.168.43.186 OnePlus-6 01:f2:d2:3c:24:f9:43
Chain POSTROUTING (policy ACCEPT 189 packets, 13837 bytes)
 pkts bytes target     prot opt in     out     source               destination         
   28 17739 MASQUERADE  0    --  *      *       192.168.43.0/24     !192.168.43.0/24      /* openpilot-tethering */
net.ipv4.ip_forward = 1
SSH_CONNECTION=2a02:2f04:c20c:d600:f0f5:72c4:cb83:e50e 52745 2a02:2f04:c20c:d600:ac97:ae49:67a5:8ca5 22
11: eth0: <BROADCAST,MULTICAST,UP,LOWER_UP> mtu 1500 qdisc pfifo_fast state UP group default qlen 1000
    inet6 fd3d:6b1d:302d::c60/128 scope global dynamic noprefixroute 
       valid_lft 42870sec preferred_lft 42870sec
    inet6 2a02:2f04:c20c:d600::c60/128 scope global dynamic noprefixroute 
       valid_lft 42870sec preferred_lft 42870sec
    inet6 2a02:2f04:c20c:d600:ac97:ae49:67a5:8ca5/64 scope global temporary dynamic 
       valid_lft 5116sec preferred_lft 2416sec
    inet6 2a02:2f04:c20c:d600:67b8:fe6f:9589:cdfc/64 scope global dynamic mngtmpaddr noprefixroute 
       valid_lft 5116sec preferred_lft 2416sec
    inet6 fd3d:6b1d:302d:0:ac97:ae49:67a5:8ca5/64 scope global temporary dynamic 
       valid_lft 5116sec preferred_lft 2416sec
    inet6 fd3d:6b1d:302d:0:8af:e08f:6676:ad/64 scope global dynamic mngtmpaddr noprefixroute 
       valid_lft 5116sec preferred_lft 2416sec
    inet6 fe80::754a:9389:12b7:1cc9/64 scope link noprefixroute 
       valid_lft forever preferred_lft forever
2026-09-26T16:42:57.894854+00:00 comma-cb80a5fa dnsmasq[55780]: started, version 2.90 cachesize 150
2026-09-26T16:43:07.435182+00:00 comma-cb80a5fa dnsmasq[55780]: exiting on receipt of SIGTERM
2026-09-26T16:43:07.788425+00:00 comma-cb80a5fa dnsmasq[56144]: started, version 2.90 cachesize 150
2026-09-26T16:44:00.375982+00:00 comma-cb80a5fa dnsmasq-dhcp[56144]: DHCPACK(wlan0) 192.168.43.186 f2:d2:3c:24:f9:43 OnePlus-6
