collected 80 tests in 0.08s • 4 workers
. openpilot.system.ui.lib.tests.test_wifi_manager.TestLifecycle.test_scan_results_update_sorted_networks 1.04s
. openpilot.system.ui.lib.tests.test_wifi_manager.TestLifecycle.test_stop_leaves_daemons_running 1.10s
. openpilot.system.ui.lib.tests.test_wifi_manager.TestLifecycle.test_stop_waits_for_inflight_refresh 0.33s
. openpilot.system.ui.lib.tests.test_wifi_manager.TestLifecycle.test_stop_waits_for_initialization 0.30s
. openpilot.system.ui.lib.tests.test_wifi_manager.TestMetering.test_metered_ignored_while_tethering 1.02s
. openpilot.system.ui.lib.tests.test_wifi_manager.TestLifecycle.test_adopts_associating_station_as_connecting 1.04s
. openpilot.system.ui.lib.tests.test_wifi_manager.TestLifecycle.test_adopts_connected_station_without_respawning 1.03s
. openpilot.system.ui.lib.tests.test_wifi_manager.TestLifecycle.test_fresh_start_hands_off_and_loads_saved_networks 1.02s
. openpilot.system.ui.lib.tests.test_wifi_manager.TestLifecycle.test_handoff_waits_for_control_path_removal 0.40s
. openpilot.system.ui.lib.tests.test_wifi_manager.TestLifecycle.test_process_callbacks_keeps_concurrent_enqueue 1.02s
. openpilot.system.ui.lib.tests.test_wifi_manager.TestParsers.test_security_type_from_flags 0.00s
. openpilot.system.ui.lib.tests.test_wifi_manager.TestParsers.test_wpa_psk 0.00s
. openpilot.system.ui.lib.tests.test_wifi_manager.TestProfiles.test_pid_alive 0.00s
. openpilot.system.ui.lib.tests.test_wifi_manager.TestProfiles.test_read_profiles_from_both_dirs 0.00s
. openpilot.system.ui.lib.tests.test_wifi_manager.TestProfiles.test_remove_profile_removes_netplan_yaml 0.00s
. openpilot.system.ui.lib.tests.test_wifi_manager.TestProfiles.test_write_hotspot_profile_matches_upstream_shape 0.00s
. openpilot.system.ui.lib.tests.test_wifi_manager.TestProfiles.test_write_profile_creates_networkmanager_keyfile 0.00s
. openpilot.system.ui.lib.tests.test_wifi_manager.TestProfiles.test_write_profile_replaces_netplan_sources 0.00s
. openpilot.system.ui.lib.tests.test_wifi_manager.TestShippedFiles.test_supplicant_conf_has_no_secrets 0.00s
. openpilot.system.ui.lib.tests.test_wifi_manager.TestShippedFiles.test_udhcpc_script_sets_wifi_metric 0.01s
. openpilot.system.ui.lib.tests.test_wifi_manager.TestMetering.test_metered_migrates_netplan_profile 1.03s
. openpilot.system.ui.lib.tests.test_wifi_manager.TestMetering.test_metered_rewrites_connected_profile 1.04s
. openpilot.system.ui.lib.tests.test_wifi_manager.TestParsers.test_dbm_to_percent_matches_networkmanager_scale 0.00s
. openpilot.system.ui.lib.tests.test_wifi_manager.TestParsers.test_decode_ssid 0.00s
. openpilot.system.ui.lib.tests.test_wifi_manager.TestParsers.test_parse_scan_results_keeps_dbm_and_flags 0.00s
. openpilot.system.ui.lib.tests.test_wifi_manager.TestHealth.test_missing_event_recovery_waits_between_failed_attempts 1.14s
. openpilot.system.ui.lib.tests.test_wifi_manager.TestHealth.test_missing_event_socket_reattaches_healthy_supplicant 1.11s
. openpilot.system.ui.lib.tests.test_wifi_manager.TestHealth.test_reattaching_healthy_supplicant_preserves_pending_hotspot_without_services 2.04s
. openpilot.system.ui.lib.tests.test_wifi_manager.TestHealth.test_reattaching_nonready_access_point_does_not_start_dhcp 1.13s
. openpilot.system.ui.lib.tests.test_wifi_manager.TestHealth.test_supplicant_restart_failure_refreshes_status 1.04s
. openpilot.system.ui.lib.tests.test_wifi_manager.TestHealth.test_crashed_supplicant_is_respawned_with_saved_networks 3.13s
. openpilot.system.ui.lib.tests.test_wifi_manager.TestHealth.test_dead_udhcpc_is_restarted_while_connected 2.05s
. openpilot.system.ui.lib.tests.test_wifi_manager.TestHealth.test_dhcp_restart_failure_is_logged_and_refreshes_status 1.05s
F openpilot.system.ui.lib.tests.test_wifi_manager.TestHealth.test_fresh_supplicant_restart_clears_pending_hotspot_state 1.11s
. openpilot.system.ui.lib.tests.test_wifi_manager.TestHealth.test_health_does_not_restart_dhcp_after_stop 1.03s
. openpilot.system.ui.lib.tests.test_wifi_manager.TestStation.test_dhcp_timeout_reports_disconnected 1.57s
. openpilot.system.ui.lib.tests.test_wifi_manager.TestStation.test_forget_connected_network_disconnects 1.05s
. openpilot.system.ui.lib.tests.test_wifi_manager.TestStation.test_forget_remove_failure_preserves_network 1.06s
. openpilot.system.ui.lib.tests.test_wifi_manager.TestStation.test_forget_removes_every_source 1.05s
. openpilot.system.ui.lib.tests.test_wifi_manager.TestStation.test_link_loss_reports_disconnected 1.04s
. openpilot.system.ui.lib.tests.test_wifi_manager.TestStation.test_activate_saved_network_selects_it 1.07s
. openpilot.system.ui.lib.tests.test_wifi_manager.TestStation.test_connect_persists_after_first_address 1.59s
. openpilot.system.ui.lib.tests.test_wifi_manager.TestStation.test_connect_replaces_saved_network_without_clearing_selection 1.57s
. openpilot.system.ui.lib.tests.test_wifi_manager.TestStation.test_delayed_workers_do_not_select_stale_network 2.06s
. openpilot.system.ui.lib.tests.test_wifi_manager.TestStation.test_dhcp_timeout_does_not_clear_late_selection 1.07s
. openpilot.system.ui.lib.tests.test_wifi_manager.TestStation.test_select_failure_resets_state 1.04s
. openpilot.system.ui.lib.tests.test_wifi_manager.TestStation.test_stale_connected_event_keeps_new_selection 1.07s
. openpilot.system.ui.lib.tests.test_wifi_manager.TestStation.test_stale_dhcp_success_keeps_new_pending_connection 1.10s
. openpilot.system.ui.lib.tests.test_wifi_manager.TestStation.test_stale_dhcp_timeout_keeps_later_selection 1.08s
. openpilot.system.ui.lib.tests.test_wifi_manager.TestStation.test_stale_dhcp_timeout_keeps_new_pending_connection 2.07s
. openpilot.system.ui.lib.tests.test_wifi_manager.TestStation.test_stop_during_dhcp_wait_does_not_report_disconnect 0.15s
. openpilot.system.ui.lib.tests.test_wifi_manager.TestStation.test_terminal_callbacks_enqueue_before_later_selection 2.06s
. openpilot.system.ui.lib.tests.test_wifi_manager.TestStation.test_terminal_command_failures_reset_state 1.04s
. openpilot.system.ui.lib.tests.test_wifi_manager.TestStation.test_wrong_key_remove_failure_keeps_network 1.07s
. openpilot.system.ui.lib.tests.test_wifi_manager.TestStation.test_wrong_password_asks_once_and_saves_nothing 1.06s
. openpilot.system.ui.lib.tests.test_wifi_manager.TestTethering.test_activate_replaces_running_hotspot 1.08s
. openpilot.system.ui.lib.tests.test_wifi_manager.TestTethering.test_adopts_running_hotspot 1.04s
. openpilot.system.ui.lib.tests.test_wifi_manager.TestTethering.test_connect_replaces_running_hotspot 1.08s
. openpilot.system.ui.lib.tests.test_wifi_manager.TestTethering.test_delayed_tethering_start_keeps_new_station_selection 1.04s
. openpilot.system.ui.lib.tests.test_wifi_manager.TestTethering.test_delayed_tethering_stop_keeps_new_station_selection 1.06s
. openpilot.system.ui.lib.tests.test_wifi_manager.TestTethering.test_delayed_tethering_stop_keeps_newer_ap 1.06s
. openpilot.system.ui.lib.tests.test_wifi_manager.TestTethering.test_hotspot_profile_is_created_on_first_start 1.03s
. openpilot.system.ui.lib.tests.test_wifi_manager.TestTethering.test_metering_does_not_follow_a_new_connection 1.06s
. openpilot.system.ui.lib.tests.test_wifi_manager.TestTethering.test_pending_tethering_off_removes_ap_and_restarts_dhcp 1.03s
. openpilot.system.ui.lib.tests.test_wifi_manager.TestTethering.test_stop_during_tethering_readiness_leaves_networking_running 1.46s
. openpilot.system.ui.lib.tests.test_wifi_manager.TestTethering.test_tethering_on_then_off 1.06s
. openpilot.system.ui.lib.tests.test_wifi_manager.TestTethering.test_tethering_password_change_restarts_connecting_hotspot 1.07s
. openpilot.system.ui.lib.tests.test_wifi_manager.TestTethering.test_tethering_password_change_restarts_hotspot 1.06s
. openpilot.system.ui.lib.tests.test_wifi_manager.TestTethering.test_tethering_retries_transient_ready_status 1.06s
. openpilot.system.ui.lib.tests.test_wifi_manager.TestTethering.test_tethering_select_failure_reconciles_without_callbacks 1.05s
. openpilot.system.ui.lib.tests.test_wifi_manager.TestTethering.test_tethering_start_failure_resets_state 1.08s
. openpilot.system.ui.lib.tests.test_wifi_manager.TestTethering.test_tethering_start_refuses_live_dhcp 1.04s
. openpilot.system.ui.lib.tests.test_wifi_manager.TestTethering.test_tethering_start_uses_password_written_before_worker_runs 1.06s
. openpilot.system.ui.lib.tests.test_wifi_manager.TestTethering.test_tethering_stop_enable_failure_reconciles_without_callback 1.05s
. openpilot.system.ui.lib.tests.test_wifi_manager.TestTethering.test_tethering_stop_refuses_live_dnsmasq 1.06s
. openpilot.system.ui.lib.tests.test_wifi_manager.TestTethering.test_tethering_stop_remove_failure_reconciles_without_callback 1.07s
. openpilot.system.ui.lib.tests.test_wifi_manager.TestTethering.test_tethering_success_rechecks_claim_before_services 1.08s
. openpilot.system.ui.lib.tests.test_wifi_manager.TestTethering.test_tethering_timeout_keeps_new_station_selection 1.03s
. openpilot.system.ui.lib.tests.test_wifi_manager.TestTethering.test_tethering_waits_for_its_selected_network_id 1.05s
. openpilot.system.ui.lib.tests.test_wifi_manager.TestWpaCtrl.test_request_and_attach 0.10s

 FAILED openpilot.system.ui.lib.tests.test_wifi_manager.TestHealth.test_fresh_supplicant_restart_clears_pending_hotspot_state 
Traceback (most recent call last):
  File "/workspace/openpilot/openpilot/common/test.py", line 59, in _callTestMethod
    return method(**{name: self._fixture(name) for name in params})
           ^^^^^^^^^^^^^^^^^^^^^^^^^^^^^^^^^^^^^^^^^^^^^^^^^^^^^^^^
  File "/workspace/openpilot/openpilot/system/ui/lib/tests/test_wifi_manager.py", line 1850, in test_fresh_supplicant_restart_clears_pending_hotspot_state
    self.assertEqual(wm.wifi_state, wifi_manager.WifiState())
AssertionError: WifiState(ssid='weedle', status=<ConnectStatus.CONNECTING: 1>) != WifiState(ssid=None, status=<ConnectStatus.DISCONNECTED: 0>)

--- captured stderr ---
Exception ignored in: <_io.FileIO name='/tmp/tmp55gwc4pj/persistent/weedle.nmconnection' mode='rb' closefd=True>
Traceback (most recent call last):
  File "/workspace/openpilot/openpilot/system/ui/lib/tests/test_wifi_manager.py", line 230, in <lambda>
    mocker.patch.object(wifi_manager, "sudo_read", lambda path: open(path).read())
                                                                ^^^^^^^^^^^^^^^^^
ResourceWarning: unclosed file <_io.TextIOWrapper name='/tmp/tmp55gwc4pj/persistent/weedle.nmconnection' mode='r' encoding='UTF-8'>
Exception ignored in: <_io.FileIO name='/tmp/tmp55gwc4pj/persistent/weedle.nmconnection' mode='rb' closefd=True>
Traceback (most recent call last):
  File "/workspace/openpilot/openpilot/system/ui/lib/tests/test_wifi_manager.py", line 230, in <lambda>
    mocker.patch.object(wifi_manager, "sudo_read", lambda path: open(path).read())
                                                                ^^^^^^^^^^^^^^^^^
ResourceWarning: unclosed file <_io.TextIOWrapper name='/tmp/tmp55gwc4pj/persistent/weedle.nmconnection' mode='r' encoding='UTF-8'>
wpa_supplicant SCAN failed
wpa_supplicant SCAN failed
wpa_supplicant SCAN failed
wpa_supplicant SCAN failed
wpa_supplicant SCAN failed
wpa_supplicant SCAN failed
wpa_supplicant SCAN failed
wpa_supplicant SCAN failed
wpa_supplicant SCAN failed
wpa_supplicant is not responding, restarting
Exception ignored in: <_io.FileIO name='/tmp/tmp55gwc4pj/persistent/weedle.nmconnection' mode='rb' closefd=True>
Traceback (most recent call last):
  File "/workspace/openpilot/openpilot/system/ui/lib/tests/test_wifi_manager.py", line 230, in <lambda>
    mocker.patch.object(wifi_manager, "sudo_read", lambda path: open(path).read())
                                                                ^^^^^^^^^^^^^^^^^
ResourceWarning: unclosed file <_io.TextIOWrapper name='/tmp/tmp55gwc4pj/persistent/weedle.nmconnection' mode='r' encoding='UTF-8'>

slowest tests
    3.13s  openpilot.system.ui.lib.tests.test_wifi_manager.TestHealth.test_crashed_supplicant_is_respawned_with_saved_networks
    2.07s  openpilot.system.ui.lib.tests.test_wifi_manager.TestStation.test_stale_dhcp_timeout_keeps_new_pending_connection
    2.06s  openpilot.system.ui.lib.tests.test_wifi_manager.TestStation.test_delayed_workers_do_not_select_stale_network
    2.06s  openpilot.system.ui.lib.tests.test_wifi_manager.TestStation.test_terminal_callbacks_enqueue_before_later_selection
    2.05s  openpilot.system.ui.lib.tests.test_wifi_manager.TestHealth.test_dead_udhcpc_is_restarted_while_connected
    2.04s  openpilot.system.ui.lib.tests.test_wifi_manager.TestHealth.test_reattaching_healthy_supplicant_preserves_pending_hotspot_without_services
    1.59s  openpilot.system.ui.lib.tests.test_wifi_manager.TestStation.test_connect_persists_after_first_address
    1.57s  openpilot.system.ui.lib.tests.test_wifi_manager.TestStation.test_dhcp_timeout_reports_disconnected
    1.57s  openpilot.system.ui.lib.tests.test_wifi_manager.TestStation.test_connect_replaces_saved_network_without_clearing_selection
    1.46s  openpilot.system.ui.lib.tests.test_wifi_manager.TestTethering.test_stop_during_tethering_readiness_leaves_networking_running

79 passed, 1 failed in 21.37s
