Sat Sep 26 04:25:40 PM UTC 2026
6ca796e338a955e16fd6c63869ee4c19baa81d5b
wpa_state=INACTIVE
p2p_device_address=00:0a:f5:4f:ed:d6
address=00:0a:f5:4f:ed:d6
uuid=581d438e-9a1a-56b5-8651-f3173d5f968c
network id / ssid / bssid / flags
0	Galaxy A513BC6	any	[DISABLED]
1	Andrei\xe2\x80\x99s iPhone 13	any	[DISABLED]
2	systeam5	any	[DISABLED]
    PID     ELAPSED COMMAND
    PID     ELAPSED COMMAND
  78499       00:43 udhcpc -i wlan0 -f -R -s /data/openpilot/openpilot/system/ui/lib/udhcpc.script -p /run/udhcpc.wlan0.pid
-P POSTROUTING ACCEPT
logmessaged timed ui deleter pandad hardwared modem tombstoned updated uploader
FPS dropped below 20: 1
logmessaged timed ui deleter pandad hardwared modem tombstoned updated uploader
logmessaged timed ui deleter pandad hardwared modem tombstoned updated uploader
logmessaged timed ui deleter pandad hardwared modem tombstoned updated uploader
logmessaged timed ui deleter pandad hardwared modem tombstoned updated uploader
logmessaged timed ui deleter pandad hardwared modem tombstoned updated uploader
logmessaged timed ui deleter pandad hardwared modem tombstoned updated uploader
logmessaged timed ui deleter pandad hardwared modem tombstoned updated uploader
logmessaged timed ui deleter pandad hardwared modem tombstoned updated uploader
logmessaged timed ui deleter pandad hardwared modem tombstoned updated uploader
logmessaged timed ui deleter pandad hardwared modem tombstoned updated uploader
logmessaged timed ui deleter pandad hardwared modem tombstoned updated uploader
logmessaged timed ui deleter pandad hardwared modem tombstoned updated uploader
logmessaged timed ui deleter pandad hardwared modem tombstoned updated uploader
logmessaged timed ui deleter pandad hardwared modem tombstoned updated uploader
logmessaged timed ui deleter pandad hardwared modem tombstoned updated uploader
logmessaged timed ui deleter pandad hardwared modem tombstoned updated uploader
logmessaged timed ui deleter pandad hardwared modem tombstoned updated uploader
logmessaged timed ui deleter pandad hardwared modem tombstoned updated uploader
logmessaged timed ui deleter pandad hardwared modem tombstoned updated uploader
logmessaged timed ui deleter pandad hardwared modem tombstoned updated uploader
logmessaged timed ui deleter pandad hardwared modem tombstoned updated uploader
logmessaged timed ui deleter pandad hardwared modem tombstoned updated uploader
logmessaged timed ui deleter pandad hardwared modem tombstoned updated uploader
logmessaged timed ui deleter pandad hardwared modem tombstoned updated uploader
logmessaged timed ui deleter pandad hardwared modem tombstoned updated uploader
logmessaged timed ui deleter pandad hardwared modem tombstoned updated uploader
logmessaged timed ui deleter pandad hardwared modem tombstoned updated uploader
logmessaged timed ui deleter pandad hardwared modem tombstoned updated uploader
logmessaged timed ui deleter pandad hardwared modem tombstoned updated uploader
logmessaged timed ui deleter pandad hardwared modem tombstoned updated uploader
logmessaged timed ui deleter pandad hardwared modem tombstoned updated uploader
logmessaged timed ui deleter pandad hardwared modem tombstoned updated uploader
logmessaged timed ui deleter pandad hardwared modem tombstoned updated uploader
FPS dropped below 20: 16
logmessaged timed ui deleter pandad hardwared modem tombstoned updated uploader
logmessaged timed ui deleter pandad hardwared modem tombstoned updated uploader
logmessaged timed ui deleter pandad hardwared modem tombstoned updated uploader
logmessaged timed ui deleter pandad hardwared modem tombstoned updated uploader
logmessaged timed ui deleter pandad hardwared modem tombstoned updated uploader
logmessaged timed ui deleter pandad hardwared modem tombstoned updated uploader
logmessaged timed ui deleter pandad hardwared modem tombstoned updated uploader
logmessaged timed ui deleter pandad hardwared modem tombstoned updated uploader
logmessaged timed ui deleter pandad hardwared modem tombstoned updated uploader
logmessaged timed ui deleter pandad hardwared modem tombstoned updated uploader
logmessaged timed ui deleter pandad hardwared modem tombstoned updated uploader
logmessaged timed ui deleter pandad hardwared modem tombstoned updated uploader
logmessaged timed ui deleter pandad hardwared modem tombstoned updated uploader
logmessaged timed ui deleter pandad hardwared modem tombstoned updated uploader
logmessaged timed ui deleter pandad hardwared modem tombstoned updated uploader
logmessaged timed ui deleter pandad hardwared modem tombstoned updated uploader
logmessaged timed ui deleter pandad hardwared modem tombstoned updated uploader
logmessaged timed ui deleter pandad hardwared modem tombstoned updated uploader
logmessaged timed ui deleter pandad hardwared modem tombstoned updated uploader
logmessaged timed ui deleter pandad hardwared modem tombstoned updated uploader
logmessaged timed ui deleter pandad hardwared modem tombstoned updated uploader
logmessaged timed ui deleter pandad hardwared modem tombstoned updated uploader
logmessaged timed ui deleter pandad hardwared modem tombstoned updated uploader
logmessaged timed ui deleter pandad hardwared modem tombstoned updated uploader
logmessaged timed ui deleter pandad hardwared modem tombstoned updated uploader
logmessaged timed ui deleter pandad hardwared modem tombstoned updated uploader
logmessaged timed ui deleter pandad hardwared modem tombstoned updated uploader
logmessaged timed ui deleter pandad hardwared modem tombstoned updated uploader
logmessaged timed ui deleter pandad hardwared modem tombstoned updated uploader
logmessaged timed ui deleter pandad hardwared modem tombstoned updated uploader
logmessaged timed ui deleter pandad hardwared modem tombstoned updated uploader
logmessaged timed ui deleter pandad hardwared modem tombstoned updated uploader
logmessaged timed ui deleter pandad hardwared modem tombstoned updated uploader
logmessaged timed ui deleter pandad hardwared modem tombstoned updated uploader
logmessaged timed ui deleter pandad hardwared modem tombstoned updated uploader
logmessaged timed ui deleter pandad hardwared modem tombstoned updated uploader
logmessaged timed ui deleter pandad hardwared modem tombstoned updated uploader
logmessaged timed ui deleter pandad hardwared modem tombstoned updated uploader
logmessaged timed ui deleter pandad hardwared modem tombstoned updated uploader
logmessaged timed ui deleter pandad hardwared modem tombstoned updated uploader
logmessaged timed ui deleter pandad hardwared modem tombstoned updated uploader
logmessaged timed ui deleter pandad hardwared modem tombstoned updated uploader
logmessaged timed ui deleter pandad hardwared modem tombstoned updated uploader
logmessaged timed ui deleter pandad hardwared modem tombstoned updated uploader
logmessaged timed ui deleter pandad hardwared modem tombstoned updated uploader
logmessaged timed ui deleter pandad hardwared modem tombstoned updated uploader
Failed to stop tethering
Traceback (most recent call last):
  File "/data/openpilot/openpilot/system/ui/lib/wifi_manager.py", line 1010, in
_stop_tethering
    if not self._ctrl.ok(f"REMOVE_NETWORK {network_id}"):
           ^^^^^^^^^^^^^^^^^^^^^^^^^^^^^^^^^^^^^^^^^^^^^
  File "/data/openpilot/openpilot/system/ui/lib/wifi_manager.py", line 116, in o
k
    return self.request(cmd) == "OK"
           ^^^^^^^^^^^^^^^^^
  File "/data/openpilot/openpilot/system/ui/lib/wifi_manager.py", line 111, in r
equest
    reply = self._sock.recv(65536).decode("utf-8", "replace")
            ^^^^^^^^^^^^^^^^^^^^^^
TimeoutError: timed out
Failed to set tethering password
Traceback (most recent call last):
  File "/data/openpilot/openpilot/system/ui/lib/wifi_manager.py", line 864, in w
orker
    self._stop_tethering()
  File "/data/openpilot/openpilot/system/ui/lib/wifi_manager.py", line 1010, in
_stop_tethering
    if not self._ctrl.ok(f"REMOVE_NETWORK {network_id}"):
           ^^^^^^^^^^^^^^^^^^^^^^^^^^^^^^^^^^^^^^^^^^^^^
  File "/data/openpilot/openpilot/system/ui/lib/wifi_manager.py", line 116, in o
k
    return self.request(cmd) == "OK"
           ^^^^^^^^^^^^^^^^^
  File "/data/openpilot/openpilot/system/ui/lib/wifi_manager.py", line 111, in r
equest
    reply = self._sock.recv(65536).decode("utf-8", "replace")
            ^^^^^^^^^^^^^^^^^^^^^^
TimeoutError: timed out
wpa_supplicant is not responding, restarting
FPS dropped below 20: 7
logmessaged timed ui deleter pandad hardwared modem tombstoned updated uploader
logmessaged timed ui deleter pandad hardwared modem tombstoned updated uploader
logmessaged timed ui deleter pandad hardwared modem tombstoned updated uploader
logmessaged timed ui deleter pandad hardwared modem tombstoned updated uploader
logmessaged timed ui deleter pandad hardwared modem tombstoned updated uploader
logmessaged timed ui deleter pandad hardwared modem tombstoned updated uploader
logmessaged timed ui deleter pandad hardwared modem tombstoned updated uploader
logmessaged timed ui deleter pandad hardwared modem tombstoned updated uploader
logmessaged timed ui deleter pandad hardwared modem tombstoned updated uploader
logmessaged timed ui deleter pandad hardwared modem tombstoned updated uploader
logmessaged timed ui deleter pandad hardwared modem tombstoned updated uploader
logmessaged timed ui deleter pandad hardwared modem tombstoned updated uploader
logmessaged timed ui deleter pandad hardwared modem tombstoned updated uploader
logmessaged timed ui deleter pandad hardwared modem tombstoned updated uploader
logmessaged timed ui deleter pandad hardwared modem tombstoned updated uploader
logmessaged timed ui deleter pandad hardwared modem tombstoned updated uploader
logmessaged timed ui deleter pandad hardwared modem tombstoned updated uploader
logmessaged timed ui deleter pandad hardwared modem tombstoned updated uploader
logmessaged timed ui deleter pandad hardwared modem tombstoned updated uploader
logmessaged timed ui deleter pandad hardwared modem tombstoned updated uploader
logmessaged timed ui deleter pandad hardwared modem tombstoned updated uploader
logmessaged timed ui deleter pandad hardwared modem tombstoned updated uploader
logmessaged timed ui deleter pandad hardwared modem tombstoned updated uploader
logmessaged timed ui deleter pandad hardwared modem tombstoned updated uploader
logmessaged timed ui deleter pandad hardwared modem tombstoned updated uploader
logmessaged timed ui deleter pandad hardwared modem tombstoned updated uploader
logmessaged timed ui deleter pandad hardwared modem tombstoned updated uploader
logmessaged timed ui deleter pandad hardwared modem tombstoned updated uploader
logmessaged timed ui deleter pandad hardwared modem tombstoned updated uploader
logmessaged timed ui deleter pandad hardwared modem tombstoned updated uploader
logmessaged timed ui deleter pandad hardwared modem tombstoned updated uploader
logmessaged timed ui deleter pandad hardwared modem tombstoned updated uploader
logmessaged timed ui deleter pandad hardwared modem tombstoned updated uploader
logmessaged timed ui deleter pandad hardwared modem tombstoned updated uploader
logmessaged timed ui deleter pandad hardwared modem tombstoned updated uploader
logmessaged timed ui deleter pandad hardwared modem tombstoned updated uploader
logmessaged timed ui deleter pandad hardwared modem tombstoned updated uploader
logmessaged timed ui deleter pandad hardwared modem tombstoned updated uploader
logmessaged timed ui deleter pandad hardwared modem tombstoned updated uploader
logmessaged timed ui deleter pandad hardwared modem tombstoned updated uploader
logmessaged timed ui deleter pandad hardwared modem tombstoned updated uploader
logmessaged timed ui deleter pandad hardwared modem tombstoned updated uploader
logmessaged timed ui deleter pandad hardwared modem tombstoned updated uploader
logmessaged timed ui deleter pandad hardwared modem tombstoned updated uploader
logmessaged timed ui deleter pandad hardwared modem tombstoned updated uploader
logmessaged timed ui deleter pandad hardwared modem tombstoned updated uploader
logmessaged timed ui deleter pandad hardwared modem tombstoned updated uploader
logmessaged timed ui deleter pandad hardwared modem tombstoned updated uploader
logmessaged timed ui deleter pandad hardwared modem tombstoned updated uploader
logmessaged timed ui deleter pandad hardwared modem tombstoned updated uploader
logmessaged timed ui deleter pandad hardwared modem tombstoned updated uploader
logmessaged timed ui deleter pandad hardwared modem tombstoned updated uploader
logmessaged timed ui deleter pandad hardwared modem tombstoned updated uploader
logmessaged timed ui deleter pandad hardwared modem tombstoned updated uploader
logmessaged timed ui deleter pandad hardwared modem tombstoned updated uploader
logmessaged timed ui deleter pandad hardwared modem tombstoned updated uploader
logmessaged timed ui deleter pandad hardwared modem tombstoned updated uploader
logmessaged timed ui deleter pandad hardwared modem tombstoned updated uploader
logmessaged timed ui deleter pandad hardwared modem tombstoned updated uploader
logmessaged timed ui deleter pandad hardwared modem tombstoned updated uploader
logmessaged timed ui deleter pandad hardwared modem tombstoned updated uploader
logmessaged timed ui deleter pandad hardwared modem tombstoned updated uploader
logmessaged timed ui deleter pandad hardwared modem tombstoned updated uploader
logmessaged timed ui deleter pandad hardwared modem tombstoned updated uploader
logmessaged timed ui deleter pandad hardwared modem tombstoned updated uploader
logmessaged timed ui deleter pandad hardwared modem tombstoned updated uploader
logmessaged timed ui deleter pandad hardwared modem tombstoned updated uploader
logmessaged timed ui deleter pandad hardwared modem tombstoned updated uploader
logmessaged timed ui deleter pandad hardwared modem tombstoned updated uploader
logmessaged timed ui deleter pandad hardwared modem tombstoned updated uploader
logmessaged timed ui deleter pandad hardwared modem tombstoned updated uploader
logmessaged timed ui deleter pandad hardwared modem tombstoned updated uploader
logmessaged timed ui deleter pandad hardwared modem tombstoned updated uploader
logmessaged timed ui deleter pandad hardwared modem tombstoned updated uploader
logmessaged timed ui deleter pandad hardwared modem tombstoned updated uploader
logmessaged timed ui deleter pandad hardwared modem tombstoned updated uploader
logmessaged timed ui deleter pandad hardwared modem tombstoned updated uploader
logmessaged timed ui deleter pandad hardwared modem tombstoned updated uploader
logmessaged timed ui deleter pandad hardwared modem tombstoned updated uploader
logmessaged timed ui deleter pandad hardwared modem tombstoned updated uploader
logmessaged timed ui deleter pandad hardwared modem tombstoned updated uploader
logmessaged timed ui deleter pandad hardwared modem tombstoned updated uploader
logmessaged timed ui deleter pandad hardwared modem tombstoned updated uploader
logmessaged timed ui deleter pandad hardwared modem tombstoned updated uploader
logmessaged timed ui deleter pandad hardwared modem tombstoned updated uploader
logmessaged timed ui deleter pandad hardwared modem tombstoned updated uploader

