2026-09-26T16:23:17.499380+00:00 comma-cb80a5fa dnsmasq[72500]: exiting on receipt of SIGTERM
2026-09-26T16:23:17.643033+00:00 comma-cb80a5fa kernel: R0: [cds_mc_thread][61406661799] [16:23:17.638607]  wlan: [37704:W :PE ] lim_process_ap_mlm_del_sta_rsp: 1824: AP received the DEL_STA_RSP for assocID: 1
2026-09-26T16:23:17.643102+00:00 comma-cb80a5fa kernel: R0: [cds_mc_thread][61406689756] [16:23:17.640063]  wlan: [37704:I :HDD] hdd_hostapd_sap_event_cb: 2271:  disassociated f2:d2:3c:24:f9:43
2026-09-26T16:23:17.643109+00:00 comma-cb80a5fa kernel: R0: [wpa_supplicant][61406696083] [16:23:17.640393]  wlan: [37870:I :HDD] __wlan_hdd_cfg80211_stop_ap: 8748: enter(wlan0)
2026-09-26T16:23:17.643113+00:00 comma-cb80a5fa kernel: R0: [wpa_supplicant][61406699082] [16:23:17.640549]  wlan: [37870:I :HDD] wlan_hdd_undo_acs: 1901: enter(wlan0)
2026-09-26T16:23:17.643119+00:00 comma-cb80a5fa kernel: R0: [wpa_supplicant][61406699609] [16:23:17.640576]  wlan: [37870:I :HDD] __wlan_hdd_cfg80211_stop_ap: 8860: Disabling queues
2026-09-26T16:23:17.643123+00:00 comma-cb80a5fa kernel: R0: [cds_mc_thread][61406716465] [16:23:17.641454]  wlan: [37704:W :PE ] lim_process_mlm_deauth_req_ntf: 1938: received MLM_DEAUTH_REQ in mlme state 6 for STA that does not have context, Addr=f2:d2:3c:24:f9:43
2026-09-26T16:23:17.643127+00:00 comma-cb80a5fa kernel: R0: [cds_mc_thread][61406724832] [16:23:17.641890]  wlan: [37704:I :HDD] hdd_hostapd_sap_event_cb: 2271:  disassociated f2:d2:3c:24:f9:43
2026-09-26T16:23:17.643131+00:00 comma-cb80a5fa kernel: R0: [cds_mc_thread][61406725709] [16:23:17.641936]  wlan: [37704:E :HDD] hdd_hostapd_sap_event_cb: 2295: Failed to find sta id status: 16
2026-09-26T16:23:17.643136+00:00 comma-cb80a5fa kernel: R0: [cds_mc_thread][61406734863] [16:23:17.642412]  wlan: [37704:W :WMA] wma_delete_bss: 5565: Outstanding msdu packets: 0
2026-09-26T16:23:17.643141+00:00 comma-cb80a5fa kernel: R0: [cds_mc_thread][61406740067] [16:23:17.642683]  wlan: [37704:E :WMA] Invalid wma_cli_set vdev command/Not yet implemented 0x75
2026-09-26T16:23:17.657553+00:00 comma-cb80a5fa kernel: R0: [cds_mc_thread][61406882756] [16:23:17.650115]  wlan: [37704:E :WMA] unknown type 2 subtype 0
2026-09-26T16:23:17.657593+00:00 comma-cb80a5fa kernel: R0: [cds_mc_thread][61406889531] [16:23:17.650468]  wlan: [37704:E :PE ] lim_process_update_add_ies: 5854: Session not found for given bssid00:0a:f5:4f:ed:d6
2026-09-26T16:23:17.657598+00:00 comma-cb80a5fa kernel: R0: [cds_mc_thread][61406890798] [16:23:17.650534]  wlan: [37704:E :PE ] lim_process_update_add_ies: 5854: Session not found for given bssid00:0a:f5:4f:ed:d6
2026-09-26T16:23:17.657602+00:00 comma-cb80a5fa kernel: R0: [cds_mc_thread][61406891789] [16:23:17.650585]  wlan: [37704:E :PE ] lim_process_update_add_ies: 5854: Session not found for given bssid00:0a:f5:4f:ed:d6
2026-09-26T16:23:17.657606+00:00 comma-cb80a5fa kernel: R0: [wpa_supplicant][61406917783] [16:23:17.651939]  wlan: [37870:I :HDD] hdd_init_station_mode: 3495: send HT/VHT IE per band using dbs hwmode
2026-09-26T16:23:17.657609+00:00 comma-cb80a5fa kernel: R0: [cds_mc_thread][61406922778] [16:23:17.652199]  wlan: [37704:E :WMA] Invalid wma_cli_set vdev command/Not yet implemented 0x81
2026-09-26T16:23:17.657613+00:00 comma-cb80a5fa kernel: R0: [wpa_supplicant][61406924463] [16:23:17.652287]  wlan: [37870:E :HDD] hdd_init_station_mode: 3558: LRO is disabled either because of kernel doesnot support or disabled in INI or via vendor commandi. err code -38
2026-09-26T16:23:17.657616+00:00 comma-cb80a5fa kernel: R0: [wpa_supplicant][61406936365] [16:23:17.652907]  wlan: [37870:W :SME] dump_csr_command_info: 506: Unhandled command: 524292 session: 0
2026-09-26T16:23:17.657619+00:00 comma-cb80a5fa kernel: R0: [cds_mc_thread][61406982167] [16:23:17.655292]  wlan: [37704:I :WMI] send_pdev_set_dual_mac_config_cmd_tlv: scan_config:f8000000 fw_mode_config:b8000000
2026-09-26T16:23:17.687547+00:00 comma-cb80a5fa kernel: R0: [cds_mc_thread][61407459317] [16:23:17.680143]  wlan: [37704:I :HDD] hdd_sme_roam_callback: 5141: Disabling queues
2026-09-26T16:23:17.687583+00:00 comma-cb80a5fa kernel: R0: [cds_mc_thread][61407462714] [16:23:17.680320]  wlan: [37704:E :SME] csr_send_join_req_msg: 15860: Connecting to ssid:systeam5 bssid: 5c:02:14:b0:21:e3 rssi: -72 channel: 100 country_code: US
2026-09-26T16:23:17.687588+00:00 comma-cb80a5fa kernel: R0: [cds_mc_thread][61407501789] [16:23:17.682355]  wlan: [37704:I :WMI] send_vdev_start_cmd_tlv: vdev_id 0 freq 5500 chanmode 10 ch_info: 0xa is_dfs 1 beacon interval 100 dtim 1 center_chan 5530 center_freq2 0 reg_info_1: 0x150000 reg_info_2: 0x1500, req->max_txpow: 0x15 Tx SS 2, Rx SS 2, ldpc_rx: 1
2026-09-26T16:23:17.727584+00:00 comma-cb80a5fa kernel: wlan: 00:0a:f5:4f:ed:d6 connected to 5c:02:14:b0:21:e3
2026-09-26T16:23:17.727650+00:00 comma-cb80a5fa kernel: R0: [cds_mc_thread][61408209305] [16:23:17.719204]  wlan: [37704:I :HDD] hdd_send_peer_status_ind_to_oem_app: 718: OEM app is not registered(0) or pid is invalid(0)
2026-09-26T16:23:17.727656+00:00 comma-cb80a5fa kernel: R0: [wpa_supplicant][61408321234] [16:23:17.725033]  wlan: [37870:W :SME] sme_ft_update_key: 359: Unhandled state: 0
2026-09-26T16:23:17.727660+00:00 comma-cb80a5fa kernel: R0: [wpa_supplicant][61408331339] [16:23:17.725560]  wlan: [37870:W :SME] sme_ft_update_key: 359: Unhandled state: 0
2026-09-26T16:23:17.737633+00:00 comma-cb80a5fa kernel: R0: [cds_mc_thread][61408383011] [16:23:17.728251]  wlan: [37704:I :WMI] send_per_roam_config_cmd_tlv: 12424: per roam enable=3, vdev=0
2026-09-26T16:23:17.737692+00:00 comma-cb80a5fa kernel: R0: [cds_mc_thread][61408395914] [16:23:17.728923]  wlan: [37704:I :WMI] send_roam_scan_offload_rssi_change_cmd_tlv: 12486: hirssi_delay_btw_scans=15000
2026-09-26T16:23:17.737698+00:00 comma-cb80a5fa kernel: R0: [cds_mc_thread][61408399371] [16:23:17.729103]  wlan: [37704:I :WMI] 5500,
2026-09-26T16:23:17.737701+00:00 comma-cb80a5fa kernel: R0: [cds_mc_thread][61408405368] [16:23:17.729415]  wlan: [37704:I :WMI] LFR3:PMKSA caching enabled
2026-09-26T16:24:33.517564+00:00 comma-cb80a5fa kernel: R0: [wpa_supplicant][62863505524] [16:24:33.513681]  wlan: [37870:I :HDD] hdd_print_netdev_txq_status: 18808: netdev tx queue[0] state: 0x0
2026-09-26T16:24:33.517607+00:00 comma-cb80a5fa kernel: R0: [wpa_supplicant][62863506166] [16:24:33.513715]  wlan: [37870:I :HDD] hdd_print_netdev_txq_status: 18808: netdev tx queue[1] state: 0x0
2026-09-26T16:24:33.517613+00:00 comma-cb80a5fa kernel: R0: [wpa_supplicant][62863506589] [16:24:33.513737]  wlan: [37870:I :HDD] hdd_print_netdev_txq_status: 18808: netdev tx queue[2] state: 0x0
2026-09-26T16:24:33.517618+00:00 comma-cb80a5fa kernel: R0: [wpa_supplicant][62863507010] [16:24:33.513759]  wlan: [37870:I :HDD] hdd_print_netdev_txq_status: 18808: netdev tx queue[3] state: 0x0
2026-09-26T16:24:33.517624+00:00 comma-cb80a5fa kernel: R0: [wpa_supplicant][62863507430] [16:24:33.513780]  wlan: [37870:I :HDD] hdd_print_netdev_txq_status: 18808: netdev tx queue[4] state: 0x0
2026-09-26T16:24:33.517627+00:00 comma-cb80a5fa kernel: R0: [wpa_supplicant][62863542975] [16:24:33.515632]  wlan: [37870:I :HDD] __wlan_hdd_cfg80211_disconnect: 18910: Disconnect request from user space with reason: 3 (WLAN_REASON_DEAUTH_LEAVING) internal reason code: 3
2026-09-26T16:24:33.517632+00:00 comma-cb80a5fa kernel: R0: [wpa_supplicant][62863544330] [16:24:33.515702]  wlan: [37870:I :HDD] wlan_hdd_disconnect: 18665: Disabling queues
2026-09-26T16:24:33.527909+00:00 comma-cb80a5fa kernel: R0: [cds_mc_thread][62863727381] [16:24:33.525236]  wlan: [37704:W :WMA] wma_delete_bss: 5565: Outstanding msdu packets: 0
2026-09-26T16:24:33.527958+00:00 comma-cb80a5fa kernel: R0: [cds_mc_thread][62863733868] [16:24:33.525574]  wlan: [37704:E :WMA] Invalid wma_cli_set vdev command/Not yet implemented 0x75
2026-09-26T16:24:33.527962+00:00 comma-cb80a5fa kernel: R0: [cds_mc_thread][62863755605] [16:24:33.526706]  wlan: [37704:I :WMA] wma_remove_peer_by_reference: 1847: Deleting peer 5c:02:14:b0:21:e3 vdev id 0
2026-09-26T16:24:33.527966+00:00 comma-cb80a5fa kernel: R0: [cds_mc_thread][62863761339] [16:24:33.527004]  wlan: [37704:I :TRX] ol_txrx_peer_detach:peer fffffff997ba1000 (5c:02:14:b0:21:e3)
2026-09-26T16:24:33.557568+00:00 comma-cb80a5fa kernel: R0: [wpa_supplicant][62864192084] [16:24:33.549438]  wlan: [37870:I :HDD] hdd_start_adapter: 2044: enter(wlan0)
2026-09-26T16:24:33.557623+00:00 comma-cb80a5fa kernel: R0: [wpa_supplicant][62864192870] [16:24:33.549479]  wlan: [37870:I :HDD] hdd_init_ap_mode: 6447: SSR in progress: 0
2026-09-26T16:24:33.557627+00:00 comma-cb80a5fa kernel: R0: [wpa_supplicant][62864195193] [16:24:33.549600]  wlan: [37870:W :SME] dump_csr_command_info: 506: Unhandled command: 65541 session: 0
2026-09-26T16:24:33.557631+00:00 comma-cb80a5fa kernel: R0: [cds_mc_thread][62864207844] [16:24:33.550259]  wlan: [37704:E :WMA] unknown type 1 subtype 0
2026-09-26T16:24:33.557634+00:00 comma-cb80a5fa kernel: R0: [wpa_supplicant][62864216180] [16:24:33.550693]  wlan: [37870:I :HDD] wlan_hdd_undo_acs: 1901: enter(wlan0)
2026-09-26T16:24:33.557641+00:00 comma-cb80a5fa kernel: R0: [cds_mc_thread][62864216875] [16:24:33.550730]  wlan: [37704:E :WMA] Invalid wma_cli_set vdev command/Not yet implemented 0x7d
2026-09-26T16:24:33.557648+00:00 comma-cb80a5fa kernel: R0: [wpa_supplicant][62864226719] [16:24:33.551242]  wlan: [37870:W :SME] dump_csr_command_info: 506: Unhandled command: 524292 session: 0
2026-09-26T16:24:33.557657+00:00 comma-cb80a5fa kernel: R0: [cds_mc_thread][62864266736] [16:24:33.553326]  wlan: [37704:I :WMI] send_pdev_set_dual_mac_config_cmd_tlv: scan_config:f8000000 fw_mode_config:b8000000
2026-09-26T16:24:33.557661+00:00 comma-cb80a5fa kernel: R0: [wpa_supplicant][62864278893] [16:24:33.553960]  wlan: [37870:I :HDD] __wlan_hdd_cfg80211_start_ap: 9107: enter(wlan0)
2026-09-26T16:24:33.567573+00:00 comma-cb80a5fa kernel: R0: [wpa_supplicant][62864352780] [16:24:33.557808]  wlan: [37870:E :HDD] wlan_hdd_disable_channels: 7896: channel list is NULL or num channels are zero
2026-09-26T16:24:33.567626+00:00 comma-cb80a5fa kernel: R0: [wpa_supplicant][62864353179] [16:24:33.557828]  wlan: [37870:E :HDD] wlan_hdd_cfg80211_start_bss: 8072: Disable channel list fail
2026-09-26T16:24:33.567630+00:00 comma-cb80a5fa kernel: R0: [wpa_supplicant][62864353783] [16:24:33.557860]  wlan: [37870:E :HDD] hdd_check_and_disconnect_sta_on_invalid_channel: 7745: STA not connected
2026-09-26T16:24:33.567634+00:00 comma-cb80a5fa kernel: R0: [wpa_supplicant][62864354646] [16:24:33.557905]  wlan: [37870:E :SAP] wlansap_set_dfs_restrict_japan_w53: 3007: Regdomain not japan, set disable JP W53 not valid
2026-09-26T16:24:33.567639+00:00 comma-cb80a5fa kernel: R0: [wpa_supplicant][62864355034] [16:24:33.557925]  wlan: [37870:E :SAP] wlansap_set_dfs_preferred_channel_location: 3108: sapdfs:NOT JAPAN REG, Invalid Set preferred chans location
2026-09-26T16:24:33.567642+00:00 comma-cb80a5fa kernel: R0: [wpa_supplicant][62864355643] [16:24:33.557957]  wlan: [37870:I :SAP] wlansap_set_tx_leakage_threshold: leakage_threshold 310
2026-09-26T16:24:33.567646+00:00 comma-cb80a5fa kernel: R0: [wpa_supplicant][62864429998] [16:24:33.561829]  wlan: [37870:W :SME] dump_csr_command_info: 506: Unhandled command: 524292 session: 0
2026-09-26T16:24:33.598165+00:00 comma-cb80a5fa kernel: R0: [cds_mc_thread][62864981648] [16:24:33.590560]  wlan: [37704:I :HDD] hdd_softap_register_sta: 1033: STA:0, Auth:0, Priv:1, WMM:0
2026-09-26T16:24:33.598215+00:00 comma-cb80a5fa kernel: R0: [cds_mc_thread][62864983444] [16:24:33.590654]  wlan: [37704:I :HDD] hdd_softap_register_sta: 1082: open/shared auth StaId= 0.  Changing TL state to AUTHENTICATED at Join time
2026-09-26T16:24:33.598220+00:00 comma-cb80a5fa kernel: R0: [cds_mc_thread][62864984662] [16:24:33.590717]  wlan: [37704:I :HDD] hdd_softap_register_sta: 1110: Enabling queues
2026-09-26T16:24:33.598223+00:00 comma-cb80a5fa kernel: R0: [cds_mc_thread][62865014804] [16:24:33.592287]  wlan: [37704:F :WMA] BSS Key setup with vdev_mac 00:0a:f5:4f:ed:d6
2026-09-26T16:24:33.598230+00:00 comma-cb80a5fa kernel: R0: [cds_mc_thread][62865020676] [16:24:33.592593]  wlan: [37704:I :HDD] hdd_softap_change_sta_state: 1244: Station 0 changed to state 3
2026-09-26T16:24:33.598233+00:00 comma-cb80a5fa kernel: R0: [cds_mc_thread][62865021934] [16:24:33.592658]  wlan: [37704:I :SME] ########### Set Key Complete #############
2026-09-26T16:24:33.598236+00:00 comma-cb80a5fa kernel: R0: [cds_mc_thread][62865024257] [16:24:33.592779]  wlan: [37704:E :WMA] Unhandled WMA message of type 4209
2026-09-26T16:24:33.687515+00:00 comma-cb80a5fa kernel: qtaguid: iface_stat: iface_check_stats_reset_and_adjust(wlan0): iface reset its stats unexpectedly
2026-09-26T16:24:33.721252+00:00 comma-cb80a5fa dnsmasq[77959]: started, version 2.90 cachesize 150
2026-09-26T16:24:33.721525+00:00 comma-cb80a5fa dnsmasq[77959]: compile time options: IPv6 GNU-getopt DBus no-UBus i18n IDN2 DHCP DHCPv6 no-Lua TFTP conntrack ipset nftset auth cryptohash DNSSEC loop-detect inotify dumpfile
2026-09-26T16:24:33.721719+00:00 comma-cb80a5fa dnsmasq-dhcp[77959]: DHCP, IP range 192.168.43.2 -- 192.168.43.254, lease time 1d
2026-09-26T16:24:33.721926+00:00 comma-cb80a5fa dnsmasq-dhcp[77959]: DHCP, sockets bound exclusively to interface wlan0
2026-09-26T16:24:33.722119+00:00 comma-cb80a5fa dnsmasq[77959]: reading /etc/resolv.conf
2026-09-26T16:24:33.722285+00:00 comma-cb80a5fa dnsmasq[77959]: using nameserver 127.0.0.53#53
2026-09-26T16:24:33.722453+00:00 comma-cb80a5fa dnsmasq[77959]: read /etc/hosts - 3 names
2026-09-26T16:24:54.757002+00:00 comma-cb80a5fa dnsmasq[77959]: exiting on receipt of SIGTERM
2026-09-26T16:24:56.827751+00:00 comma-cb80a5fa kernel: R0: [wpa_supplicant][63311122587] [16:24:56.826395]  wlan: [37870:I :HDD] hdd_wlan_start_modules: 2279: Driver modules already Enabled
2026-09-26T16:24:56.827813+00:00 comma-cb80a5fa kernel: R0: [wpa_supplicant][63311125843] [16:24:56.826564]  wlan: [37870:I :HDD] hdd_stop_adapter: 4797: Disabling queues
2026-09-26T16:24:56.827818+00:00 comma-cb80a5fa kernel: R0: [wpa_supplicant][63311128900] [16:24:56.826723]  wlan: [37870:I :HDD] wlan_hdd_undo_acs: 1901: enter(wlan0)
2026-09-26T16:24:56.827823+00:00 comma-cb80a5fa kernel: R0: [wpa_supplicant][63311130047] [16:24:56.826783]  wlan: [37870:E :HDD] hdd_unregister_hostapd: 6723: Failed:wlansap_stop
2026-09-26T16:24:56.827829+00:00 comma-cb80a5fa kernel: R0: [wpa_supplicant][63311130857] [16:24:56.826825]  wlan: [37870:E :HDD] hdd_unregister_hostapd: 6727: Failed:WLANSAP_close
2026-09-26T16:24:56.827833+00:00 comma-cb80a5fa kernel: R0: [wpa_supplicant][63311133326] [16:24:56.826954]  wlan: [37870:W :SME] dump_csr_command_info: 506: Unhandled command: 65542 session: 0
PONG
192.168.1.171 from 192.168.1.199 dev eth0 uid 1000 
    cache 
/usr/bin/strace
